// Jest Snapshot v1, https://goo.gl/fbAQLP

exports[`renders correctly 1`] = `
<View
  style={
    Object {
      "minHeight": 200,
      "width": "100%",
    }
  }
>
  <Text
    style={
      Object {
        "color": "white",
        "fontSize": 16,
        "fontWeight": "bold",
        "marginTop": 10,
      }
    }
  >
    Nome
  </Text>
  <RCTScrollView
    disableVirtualization={false}
    getItem={[Function]}
    getItemCount={[Function]}
    horizontal={true}
    initialNumToRender={10}
    keyExtractor={[Function]}
    maxToRenderPerBatch={10}
    onContentSizeChange={[Function]}
    onEndReachedThreshold={2}
    onLayout={[Function]}
    onMomentumScrollEnd={[Function]}
    onScroll={[Function]}
    onScrollBeginDrag={[Function]}
    onScrollEndDrag={[Function]}
    removeClippedSubviews={false}
    renderItem={[Function]}
    scrollEventThrottle={50}
    showsHorizontalScrollIndicator={false}
    stickyHeaderIndices={Array []}
    style={
      Object {
        "flex": 1,
      }
    }
    updateCellsBatchingPeriod={50}
    viewabilityConfigCallbackPairs={Array []}
    windowSize={21}
  >
    <View />
  </RCTScrollView>
</View>
`;
