// Jest Snapshot v1, https://goo.gl/fbAQLP

exports[`renders correctly 1`] = `
<RCTSafeAreaView
  emulateUnlessSupported={true}
  style={
    Array [
      Object {
        "alignItems": "center",
        "backgroundColor": "#121921",
        "flexBasis": 0,
        "flexGrow": 1,
        "flexShrink": 1,
        "justifyContent": "flex-start",
        "paddingLeft": 16,
        "paddingTop": 40,
      },
    ]
  }
>
  <RCTScrollView
    style={
      Object {
        "flex": 1,
        "width": "100%",
      }
    }
  >
    <View>
      <View
        style={
          Array [
            Object {
              "alignItems": "center",
              "borderColor": "#fff",
              "borderRadius": 5,
              "borderWidth": 1,
              "flexDirection": "row",
              "height": 40,
              "marginRight": 16,
              "paddingHorizontal": 10,
            },
          ]
        }
      >
        <View
          accessible={true}
          focusable={true}
          onClick={[Function]}
          onResponderGrant={[Function]}
          onResponderMove={[Function]}
          onResponderRelease={[Function]}
          onResponderTerminate={[Function]}
          onResponderTerminationRequest={[Function]}
          onStartShouldSetResponder={[Function]}
          style={
            Object {
              "flex": 1,
              "opacity": 1,
              "width": "100%",
            }
          }
        >
          <View
            style={
              Object {
                "alignItems": "center",
                "flex": 1,
                "flexDirection": "row",
                "justifyContent": "flex-start",
                "paddingHorizontal": 5,
                "width": "100%",
              }
            }
          >
            <Text
              style={
                Object {
                  "color": "white",
                  "fontSize": 16,
                  "width": "90%",
                }
              }
            >
              Pesquisar filmes
            </Text>
            <Text />
          </View>
        </View>
      </View>
      <View
        style={
          Object {
            "minHeight": 200,
            "width": "100%",
          }
        }
      >
        <Text
          style={
            Object {
              "color": "white",
              "fontSize": 20,
              "fontWeight": "bold",
              "marginTop": 10,
            }
          }
        >
          Lan√ßamentos
        </Text>
        <RCTScrollView
          data={Array []}
          disableVirtualization={false}
          getItem={[Function]}
          getItemCount={[Function]}
          horizontal={true}
          initialNumToRender={10}
          keyExtractor={[Function]}
          maxToRenderPerBatch={10}
          onContentSizeChange={[Function]}
          onEndReachedThreshold={2}
          onLayout={[Function]}
          onMomentumScrollEnd={[Function]}
          onScroll={[Function]}
          onScrollBeginDrag={[Function]}
          onScrollEndDrag={[Function]}
          removeClippedSubviews={false}
          renderItem={[Function]}
          scrollEventThrottle={50}
          showsHorizontalScrollIndicator={false}
          stickyHeaderIndices={Array []}
          style={
            Object {
              "flex": 1,
            }
          }
          updateCellsBatchingPeriod={50}
          viewabilityConfigCallbackPairs={Array []}
          windowSize={21}
        >
          <View />
        </RCTScrollView>
      </View>
    </View>
  </RCTScrollView>
</RCTSafeAreaView>
`;
