// Jest Snapshot v1, https://goo.gl/fbAQLP

exports[`renders correctly 1`] = `
<RCTSafeAreaView
  emulateUnlessSupported={true}
  style={
    Array [
      Object {
        "alignItems": "center",
        "backgroundColor": "#121921",
        "flexBasis": 0,
        "flexGrow": 1,
        "flexShrink": 1,
        "justifyContent": "flex-start",
        "paddingLeft": 16,
        "paddingTop": 40,
      },
    ]
  }
>
  <Text>
    Options Screen
  </Text>
</RCTSafeAreaView>
`;
