// Jest Snapshot v1, https://goo.gl/fbAQLP

exports[`renders correctly 1`] = `
<RCTSafeAreaView
  emulateUnlessSupported={true}
  style={
    Array [
      Object {
        "alignItems": "center",
        "backgroundColor": "#121921",
        "flexBasis": 0,
        "flexGrow": 1,
        "flexShrink": 1,
        "justifyContent": "flex-start",
        "paddingLeft": 16,
        "paddingTop": 40,
      },
    ]
  }
>
  <RCTScrollView
    style={
      Object {
        "flex": 1,
        "width": "100%",
      }
    }
  >
    <View>
      <View
        style={
          Array [
            Object {
              "alignItems": "center",
              "borderColor": "#fff",
              "borderRadius": 5,
              "borderWidth": 1,
              "flexDirection": "row",
              "height": 40,
              "marginRight": 16,
              "paddingHorizontal": 10,
            },
          ]
        }
      >
        <TextInput
          allowFontScaling={true}
          editable={true}
          maxLength={100}
          numberOfLines={1}
          onChangeText={[Function]}
          placeholder="Pesquisar Filme"
          placeholderTextColor="lightgrey"
          rejectResponderTermination={true}
          style={
            Object {
              "color": "white",
              "flex": 1,
              "fontSize": 16,
              "marginRight": 5,
            }
          }
          underlineColorAndroid="transparent"
          value=""
        />
        <View
          accessible={true}
          focusable={true}
          onClick={[Function]}
          onResponderGrant={[Function]}
          onResponderMove={[Function]}
          onResponderRelease={[Function]}
          onResponderTerminate={[Function]}
          onResponderTerminationRequest={[Function]}
          onStartShouldSetResponder={[Function]}
          style={
            Object {
              "opacity": 1,
            }
          }
        >
          <View
            style={
              Array [
                Object {
                  "alignItems": "center",
                  "height": 30,
                  "justifyContent": "center",
                  "width": 30,
                },
              ]
            }
          >
            <Text />
          </View>
        </View>
      </View>
      <View
        style={
          Array [
            Object {
              "alignItems": "center",
              "borderRadius": 5,
              "flexBasis": 0,
              "flexDirection": "row",
              "flexGrow": 1,
              "flexShrink": 1,
              "flexWrap": "wrap",
              "height": "100%",
              "justifyContent": "center",
              "marginRight": 16,
              "marginTop": 10,
              "paddingHorizontal": 20,
              "width": "100%",
            },
          ]
        }
      >
        <Text
          style={
            Object {
              "alignSelf": "center",
              "color": "#fff",
              "fontSize": 20,
              "textAlignVertical": "center",
            }
          }
        >
          Digite um nome para busca.
        </Text>
      </View>
    </View>
  </RCTScrollView>
</RCTSafeAreaView>
`;
